t=2026-08-24T10:45:50+0530 lvl=info msg="no configuration paths supplied"
t=2026-08-24T10:45:50+0530 lvl=info msg="using configuration at default config path" path=C:\\Users\\pved2\\AppData\\Local\\ngrok\\ngrok.yml
t=2026-08-24T10:45:50+0530 lvl=info msg="open config file" path=C:\\Users\\pved2\\AppData\\Local\\ngrok\\ngrok.yml err=nil
t=2026-08-24T10:45:50+0530 lvl=info msg="FIPS 140 mode" enabled=false
t=2026-08-24T10:45:50+0530 lvl=info msg="starting web service" obj=web addr=127.0.0.1:4040 allow_hosts=[]
t=2026-08-24T10:45:50+0530 lvl=info msg="client session established" obj=tunnels.session
t=2026-08-24T10:45:50+0530 lvl=info msg="tunnel session started" obj=tunnels.session
t=2026-08-24T10:45:50+0530 lvl=info msg="started tunnel" obj=tunnels name=command_line addr=http://localhost:5173 url=https://colony-suggest-overprice.ngrok-free.dev
t=2026-08-24T10:46:08+0530 lvl=info msg=start pg=/api/tunnels id=16452933da8aeab8
t=2026-08-24T10:46:08+0530 lvl=info msg=end pg=/api/tunnels id=16452933da8aeab8 status=200 dur=0s
t=2026-08-24T10:46:15+0530 lvl=info msg=start pg=/api/tunnels id=049000b6aa2c22b2
t=2026-08-24T10:46:15+0530 lvl=info msg=end pg=/api/tunnels id=049000b6aa2c22b2 status=200 dur=0s
t=2026-08-24T10:48:15+0530 lvl=info msg="join connections" obj=join id=c40789730d41 l=[::1]:5173 r=103.240.76.65:50595
t=2026-08-24T10:48:15+0530 lvl=info msg="join connections" obj=join id=0668fa35149c l=[::1]:5173 r=103.240.76.65:51267
t=2026-08-24T10:48:32+0530 lvl=info msg="join connections" obj=join id=20c80dfb9a36 l=[::1]:5173 r=103.240.76.65:51431
t=2026-08-24T10:48:33+0530 lvl=info msg="join connections" obj=join id=a5e5d76eefca l=[::1]:5173 r=103.240.76.65:51397
t=2026-08-24T10:53:03+0530 lvl=info msg="join connections" obj=join id=25a614ab3ab4 l=[::1]:5173 r=[2402:a00:173:2a96:7571:cdba:7679:252]:55827
t=2026-08-24T10:53:03+0530 lvl=info msg="join connections" obj=join id=c3bb9f2f1295 l=[::1]:5173 r=[2402:a00:173:2a96:7571:cdba:7679:252]:55827
t=2026-08-24T10:53:03+0530 lvl=info msg="join connections" obj=join id=6b7bdc8ad45e l=[::1]:5173 r=[2402:a00:173:2a96:7571:cdba:7679:252]:55827
t=2026-08-24T10:53:03+0530 lvl=info msg="join connections" obj=join id=7e5fceb33226 l=[::1]:5173 r=[2402:a00:173:2a96:7571:cdba:7679:252]:55827
t=2026-08-24T10:53:03+0530 lvl=info msg="join connections" obj=join id=f85071c39bcc l=[::1]:5173 r=[2402:a00:173:2a96:7571:cdba:7679:252]:55827
t=2026-08-24T10:53:03+0530 lvl=info msg="join connections" obj=join id=5a348342ae3b l=[::1]:5173 r=[2402:a00:173:2a96:7571:cdba:7679:252]:55829
t=2026-08-24T10:53:03+0530 lvl=info msg="join connections" obj=join id=e680fb380fe8 l=[::1]:5173 r=[2402:a00:173:2a96:7571:cdba:7679:252]:55830
t=2026-08-24T10:53:03+0530 lvl=info msg="join connections" obj=join id=6be477ef2bb2 l=[::1]:5173 r=[2402:a00:173:2a96:7571:cdba:7679:252]:55830
t=2026-08-24T10:53:03+0530 lvl=info msg="join connections" obj=join id=5b4d2bed04c6 l=[::1]:5173 r=[2402:a00:173:2a96:7571:cdba:7679:252]:55830
t=2026-08-24T10:53:03+0530 lvl=info msg="join connections" obj=join id=dda21bda4f12 l=[::1]:5173 r=[2402:a00:173:2a96:7571:cdba:7679:252]:55830
t=2026-08-24T10:53:03+0530 lvl=info msg="join connections" obj=join id=c4010e373134 l=[::1]:5173 r=[2402:a00:173:2a96:7571:cdba:7679:252]:55827
t=2026-08-24T10:53:03+0530 lvl=info msg="join connections" obj=join id=350170fb46b5 l=[::1]:5173 r=[2402:a00:173:2a96:7571:cdba:7679:252]:55827
t=2026-08-24T10:53:03+0530 lvl=info msg="join connections" obj=join id=ec439bf3c3e8 l=[::1]:5173 r=[2402:a00:173:2a96:7571:cdba:7679:252]:55827
t=2026-08-24T10:53:03+0530 lvl=info msg="join connections" obj=join id=4e21a3fe387f l=[::1]:5173 r=[2402:a00:173:2a96:7571:cdba:7679:252]:55827
t=2026-08-24T10:53:03+0530 lvl=info msg="join connections" obj=join id=772694b055dc l=[::1]:5173 r=[2402:a00:173:2a96:7571:cdba:7679:252]:55827
t=2026-08-24T10:53:03+0530 lvl=info msg="join connections" obj=join id=e5910f343d68 l=[::1]:5173 r=[2402:a00:173:2a96:7571:cdba:7679:252]:55827
t=2026-08-24T10:53:03+0530 lvl=info msg="join connections" obj=join id=5a6aed41491a l=[::1]:5173 r=[2402:a00:173:2a96:7571:cdba:7679:252]:55827
t=2026-08-24T10:53:03+0530 lvl=info msg="join connections" obj=join id=97a38ee3c954 l=[::1]:5173 r=[2402:a00:173:2a96:7571:cdba:7679:252]:55827
t=2026-08-24T10:53:03+0530 lvl=info msg="join connections" obj=join id=17d45cf44dbc l=[::1]:5173 r=[2402:a00:173:2a96:7571:cdba:7679:252]:55827
t=2026-08-24T10:53:03+0530 lvl=info msg="join connections" obj=join id=f713d6d20606 l=[::1]:5173 r=[2402:a00:173:2a96:7571:cdba:7679:252]:55827
t=2026-08-24T10:53:03+0530 lvl=info msg="join connections" obj=join id=e8033f4d79cb l=[::1]:5173 r=[2402:a00:173:2a96:7571:cdba:7679:252]:55827
t=2026-08-24T10:53:03+0530 lvl=info msg="join connections" obj=join id=bd7c4cb21c0e l=[::1]:5173 r=[2402:a00:173:2a96:7571:cdba:7679:252]:55827
t=2026-08-24T10:53:03+0530 lvl=info msg="join connections" obj=join id=910fa14764c5 l=[::1]:5173 r=[2402:a00:173:2a96:7571:cdba:7679:252]:55827
t=2026-08-24T10:53:03+0530 lvl=info msg="join connections" obj=join id=37b0c2ace27c l=[::1]:5173 r=[2402:a00:173:2a96:7571:cdba:7679:252]:55827
t=2026-08-24T10:53:03+0530 lvl=info msg="join connections" obj=join id=45fe82e6caf3 l=[::1]:5173 r=[2402:a00:173:2a96:7571:cdba:7679:252]:55827
t=2026-08-24T10:53:03+0530 lvl=info msg="join connections" obj=join id=3ae73dc9e0e0 l=[::1]:5173 r=[2402:a00:173:2a96:7571:cdba:7679:252]:55827
t=2026-08-24T10:53:03+0530 lvl=info msg="join connections" obj=join id=7afe9f293ed3 l=[::1]:5173 r=[2402:a00:173:2a96:7571:cdba:7679:252]:55827
t=2026-08-24T10:53:03+0530 lvl=info msg="join connections" obj=join id=d1f1013e7f5f l=[::1]:5173 r=[2402:a00:173:2a96:7571:cdba:7679:252]:55827
t=2026-08-24T10:53:03+0530 lvl=info msg="join connections" obj=join id=e3c227dcb80f l=[::1]:5173 r=[2402:a00:173:2a96:7571:cdba:7679:252]:55827
t=2026-08-24T10:53:03+0530 lvl=info msg="join connections" obj=join id=227040326770 l=[::1]:5173 r=[2402:a00:173:2a96:7571:cdba:7679:252]:55827
t=2026-08-24T10:53:03+0530 lvl=info msg="join connections" obj=join id=744f35f80166 l=[::1]:5173 r=[2402:a00:173:2a96:7571:cdba:7679:252]:55827
t=2026-08-24T10:53:03+0530 lvl=info msg="join connections" obj=join id=b4009ceff470 l=[::1]:5173 r=[2402:a00:173:2a96:7571:cdba:7679:252]:55827
t=2026-08-24T10:53:03+0530 lvl=info msg="join connections" obj=join id=9e106fa5f873 l=[::1]:5173 r=[2402:a00:173:2a96:7571:cdba:7679:252]:55827
t=2026-08-24T10:53:03+0530 lvl=info msg="join connections" obj=join id=7e9cb243c3d7 l=[::1]:5173 r=[2402:a00:173:2a96:7571:cdba:7679:252]:55827
t=2026-08-24T10:53:03+0530 lvl=info msg="join connections" obj=join id=e70851fa4069 l=[::1]:5173 r=[2402:a00:173:2a96:7571:cdba:7679:252]:55827
t=2026-08-24T10:53:03+0530 lvl=info msg="join connections" obj=join id=ab78ecd754b1 l=[::1]:5173 r=[2402:a00:173:2a96:7571:cdba:7679:252]:55827
t=2026-08-24T10:53:03+0530 lvl=info msg="join connections" obj=join id=89cefd89c2c5 l=[::1]:5173 r=[2402:a00:173:2a96:7571:cdba:7679:252]:55827
t=2026-08-24T10:53:03+0530 lvl=info msg="join connections" obj=join id=59f63f23eb1d l=[::1]:5173 r=[2402:a00:173:2a96:7571:cdba:7679:252]:55827
t=2026-08-24T10:53:03+0530 lvl=info msg="join connections" obj=join id=30d03f11742f l=[::1]:5173 r=[2402:a00:173:2a96:7571:cdba:7679:252]:55827
t=2026-08-24T10:53:04+0530 lvl=info msg="join connections" obj=join id=13995a6b5fb0 l=[::1]:5173 r=[2402:a00:173:2a96:7571:cdba:7679:252]:55827
t=2026-08-24T10:53:04+0530 lvl=info msg="join connections" obj=join id=53ab2dfd40b5 l=[::1]:5173 r=[2402:a00:173:2a96:7571:cdba:7679:252]:55827
t=2026-08-24T10:53:04+0530 lvl=info msg="join connections" obj=join id=a5c728e13f1b l=[::1]:5173 r=[2402:a00:173:2a96:7571:cdba:7679:252]:55827
t=2026-08-24T10:53:04+0530 lvl=info msg="join connections" obj=join id=0d6675d83199 l=[::1]:5173 r=[2402:a00:173:2a96:7571:cdba:7679:252]:55827
t=2026-08-24T10:53:04+0530 lvl=info msg="join connections" obj=join id=08c86979cdaf l=[::1]:5173 r=[2402:a00:173:2a96:7571:cdba:7679:252]:55827
t=2026-08-24T10:53:04+0530 lvl=info msg="join connections" obj=join id=fd646b4708fa l=[::1]:5173 r=[2402:a00:173:2a96:7571:cdba:7679:252]:55827
t=2026-08-24T10:53:04+0530 lvl=info msg="join connections" obj=join id=364e447de786 l=[::1]:5173 r=[2402:a00:173:2a96:7571:cdba:7679:252]:55827
t=2026-08-24T10:53:04+0530 lvl=info msg="join connections" obj=join id=47216687941e l=[::1]:5173 r=[2402:a00:173:2a96:7571:cdba:7679:252]:55827
t=2026-08-24T10:53:04+0530 lvl=info msg="join connections" obj=join id=3f1b87b2cbcc l=[::1]:5173 r=[2402:a00:173:2a96:7571:cdba:7679:252]:55827
t=2026-08-24T10:53:04+0530 lvl=info msg="join connections" obj=join id=57ae5c00da5d l=[::1]:5173 r=[2402:a00:173:2a96:7571:cdba:7679:252]:55827
t=2026-08-24T10:53:04+0530 lvl=info msg="join connections" obj=join id=7b7e3f9340dc l=[::1]:5173 r=[2402:a00:173:2a96:7571:cdba:7679:252]:55827
t=2026-08-24T10:53:04+0530 lvl=info msg="join connections" obj=join id=6ffe9d75440d l=[::1]:5173 r=[2402:a00:173:2a96:7571:cdba:7679:252]:55827
t=2026-08-24T10:53:04+0530 lvl=info msg="join connections" obj=join id=7d2f3533e809 l=[::1]:5173 r=[2402:a00:173:2a96:7571:cdba:7679:252]:55827
t=2026-08-24T10:53:04+0530 lvl=info msg="join connections" obj=join id=8e4130c35c57 l=[::1]:5173 r=[2402:a00:173:2a96:7571:cdba:7679:252]:55827
t=2026-08-24T10:53:04+0530 lvl=info msg="join connections" obj=join id=ac6f08837e14 l=[::1]:5173 r=[2402:a00:173:2a96:7571:cdba:7679:252]:55827
t=2026-08-24T10:53:04+0530 lvl=info msg="join connections" obj=join id=4298fff91f45 l=[::1]:5173 r=[2402:a00:173:2a96:7571:cdba:7679:252]:55827
t=2026-08-24T10:53:04+0530 lvl=info msg="join connections" obj=join id=d9cdbca9c369 l=[::1]:5173 r=[2402:a00:173:2a96:7571:cdba:7679:252]:55827
t=2026-08-24T10:53:04+0530 lvl=info msg="join connections" obj=join id=32915a523fba l=[::1]:5173 r=[2402:a00:173:2a96:7571:cdba:7679:252]:55827
t=2026-08-24T10:53:04+0530 lvl=info msg="join connections" obj=join id=082b87378d00 l=[::1]:5173 r=[2402:a00:173:2a96:7571:cdba:7679:252]:55827
t=2026-08-24T10:53:04+0530 lvl=info msg="join connections" obj=join id=33361980c5ca l=[::1]:5173 r=[2402:a00:173:2a96:7571:cdba:7679:252]:55827
t=2026-08-24T10:53:04+0530 lvl=info msg="join connections" obj=join id=25326be7d591 l=[::1]:5173 r=[2402:a00:173:2a96:7571:cdba:7679:252]:55827
t=2026-08-24T10:53:04+0530 lvl=info msg="join connections" obj=join id=ae1a48ba4835 l=[::1]:5173 r=[2402:a00:173:2a96:7571:cdba:7679:252]:55827
t=2026-08-24T10:53:04+0530 lvl=info msg="join connections" obj=join id=3805a7e5c323 l=[::1]:5173 r=[2402:a00:173:2a96:7571:cdba:7679:252]:55827
t=2026-08-24T10:53:04+0530 lvl=info msg="join connections" obj=join id=b243b37ad33f l=[::1]:5173 r=[2402:a00:173:2a96:7571:cdba:7679:252]:55827
t=2026-08-24T10:53:04+0530 lvl=info msg="join connections" obj=join id=9c082a6c2133 l=[::1]:5173 r=[2402:a00:173:2a96:7571:cdba:7679:252]:55827
t=2026-08-24T10:53:04+0530 lvl=info msg="join connections" obj=join id=991293573978 l=[::1]:5173 r=[2402:a00:173:2a96:7571:cdba:7679:252]:55827
t=2026-08-24T10:53:04+0530 lvl=info msg="join connections" obj=join id=453bbed0dee2 l=[::1]:5173 r=[2402:a00:173:2a96:7571:cdba:7679:252]:55827
t=2026-08-24T10:53:04+0530 lvl=info msg="join connections" obj=join id=49eeaa7c3cc6 l=[::1]:5173 r=[2402:a00:173:2a96:7571:cdba:7679:252]:55827
t=2026-08-24T10:53:04+0530 lvl=info msg="join connections" obj=join id=6307915bc488 l=[::1]:5173 r=[2402:a00:173:2a96:7571:cdba:7679:252]:55827
t=2026-08-24T10:53:04+0530 lvl=info msg="join connections" obj=join id=95a8dd52958c l=[::1]:5173 r=[2402:a00:173:2a96:7571:cdba:7679:252]:55827
t=2026-08-24T10:53:04+0530 lvl=info msg="join connections" obj=join id=aebc03b88dce l=[::1]:5173 r=[2402:a00:173:2a96:7571:cdba:7679:252]:55827
t=2026-08-24T10:53:04+0530 lvl=info msg="join connections" obj=join id=7573e564aed6 l=[::1]:5173 r=[2402:a00:173:2a96:7571:cdba:7679:252]:55827
t=2026-08-24T10:53:04+0530 lvl=info msg="join connections" obj=join id=9155a146d477 l=[::1]:5173 r=[2402:a00:173:2a96:7571:cdba:7679:252]:55827
t=2026-08-24T10:53:04+0530 lvl=info msg="join connections" obj=join id=5c031b0bc2a8 l=[::1]:5173 r=[2402:a00:173:2a96:7571:cdba:7679:252]:55827
t=2026-08-24T10:53:04+0530 lvl=info msg="join connections" obj=join id=6d823db4253b l=[::1]:5173 r=[2402:a00:173:2a96:7571:cdba:7679:252]:55827
t=2026-08-24T10:53:04+0530 lvl=info msg="join connections" obj=join id=a1f4ae9bfee0 l=[::1]:5173 r=[2402:a00:173:2a96:7571:cdba:7679:252]:55827
t=2026-08-24T10:53:04+0530 lvl=info msg="join connections" obj=join id=559755b9dfd6 l=[::1]:5173 r=[2402:a00:173:2a96:7571:cdba:7679:252]:55827
t=2026-08-24T10:53:04+0530 lvl=info msg="join connections" obj=join id=f12beafa637d l=[::1]:5173 r=[2402:a00:173:2a96:7571:cdba:7679:252]:55827
t=2026-08-24T10:53:04+0530 lvl=info msg="join connections" obj=join id=b9113a3727f9 l=[::1]:5173 r=[2402:a00:173:2a96:7571:cdba:7679:252]:55827
t=2026-08-24T10:53:04+0530 lvl=info msg="join connections" obj=join id=f648f427f3f6 l=[::1]:5173 r=[2402:a00:173:2a96:7571:cdba:7679:252]:55827
t=2026-08-24T10:53:04+0530 lvl=info msg="join connections" obj=join id=c7966e6c69da l=[::1]:5173 r=[2402:a00:173:2a96:7571:cdba:7679:252]:55827
t=2026-08-24T10:53:04+0530 lvl=info msg="join connections" obj=join id=c417dca73438 l=[::1]:5173 r=[2402:a00:173:2a96:7571:cdba:7679:252]:55827
t=2026-08-24T10:53:04+0530 lvl=info msg="join connections" obj=join id=f2f16afa1350 l=[::1]:5173 r=[2402:a00:173:2a96:7571:cdba:7679:252]:55827
t=2026-08-24T10:53:04+0530 lvl=info msg="join connections" obj=join id=47e8cd7390a9 l=[::1]:5173 r=[2402:a00:173:2a96:7571:cdba:7679:252]:55827
t=2026-08-24T10:53:04+0530 lvl=info msg="join connections" obj=join id=65b1affc04c1 l=[::1]:5173 r=[2402:a00:173:2a96:7571:cdba:7679:252]:55827
t=2026-08-24T10:53:04+0530 lvl=info msg="join connections" obj=join id=fc3e03a6d671 l=[::1]:5173 r=[2402:a00:173:2a96:7571:cdba:7679:252]:55827
t=2026-08-24T10:53:04+0530 lvl=info msg="join connections" obj=join id=664c0fb2951f l=[::1]:5173 r=[2402:a00:173:2a96:7571:cdba:7679:252]:55830
t=2026-08-24T10:53:04+0530 lvl=info msg="join connections" obj=join id=19b3693dae9a l=[::1]:5173 r=[2402:a00:173:2a96:7571:cdba:7679:252]:55830
t=2026-08-24T10:53:04+0530 lvl=info msg="join connections" obj=join id=378c0f56111e l=[::1]:5173 r=[2402:a00:173:2a96:7571:cdba:7679:252]:55830
t=2026-08-24T10:53:04+0530 lvl=info msg="join connections" obj=join id=773b689b3572 l=[::1]:5173 r=[2402:a00:173:2a96:7571:cdba:7679:252]:55830
t=2026-08-24T10:53:04+0530 lvl=info msg="join connections" obj=join id=c29f565e0139 l=[::1]:5173 r=[2402:a00:173:2a96:7571:cdba:7679:252]:55830
t=2026-08-24T10:53:04+0530 lvl=info msg="join connections" obj=join id=e9bf8a562d75 l=[::1]:5173 r=[2402:a00:173:2a96:7571:cdba:7679:252]:55830
t=2026-08-24T10:53:04+0530 lvl=info msg="join connections" obj=join id=500d10fc51e2 l=[::1]:5173 r=[2402:a00:173:2a96:7571:cdba:7679:252]:55830
t=2026-08-24T10:53:04+0530 lvl=info msg="join connections" obj=join id=bef067d6e387 l=[::1]:5173 r=[2402:a00:173:2a96:7571:cdba:7679:252]:55830
t=2026-08-24T10:53:04+0530 lvl=info msg="join connections" obj=join id=dfea742c3db9 l=[::1]:5173 r=[2402:a00:173:2a96:7571:cdba:7679:252]:55830
t=2026-08-24T10:53:04+0530 lvl=info msg="join connections" obj=join id=4821fde674f5 l=[::1]:5173 r=[2402:a00:173:2a96:7571:cdba:7679:252]:55830
t=2026-08-24T10:53:04+0530 lvl=info msg="join connections" obj=join id=f1117f1f63fd l=[::1]:5173 r=[2402:a00:173:2a96:7571:cdba:7679:252]:55830
t=2026-08-24T10:53:04+0530 lvl=info msg="join connections" obj=join id=c44c6a72cf11 l=[::1]:5173 r=[2402:a00:173:2a96:7571:cdba:7679:252]:55830
t=2026-08-24T10:53:04+0530 lvl=info msg="join connections" obj=join id=b6ab0f936495 l=[::1]:5173 r=[2402:a00:173:2a96:7571:cdba:7679:252]:55827
t=2026-08-24T10:53:04+0530 lvl=info msg="join connections" obj=join id=4b2de628dca2 l=[::1]:5173 r=[2402:a00:173:2a96:7571:cdba:7679:252]:55827
t=2026-08-24T10:53:04+0530 lvl=info msg="join connections" obj=join id=19d81c6c86b7 l=[::1]:5173 r=[2402:a00:173:2a96:7571:cdba:7679:252]:55827
t=2026-08-24T10:53:04+0530 lvl=info msg="join connections" obj=join id=1d725f8871c2 l=[::1]:5173 r=[2402:a00:173:2a96:7571:cdba:7679:252]:55827
t=2026-08-24T10:53:04+0530 lvl=info msg="join connections" obj=join id=7570fa609486 l=[::1]:5173 r=[2402:a00:173:2a96:7571:cdba:7679:252]:55827
t=2026-08-24T10:53:04+0530 lvl=info msg="join connections" obj=join id=6c6787924658 l=[::1]:5173 r=[2402:a00:173:2a96:7571:cdba:7679:252]:55827
t=2026-08-24T10:53:04+0530 lvl=info msg="join connections" obj=join id=764ee7b2a132 l=[::1]:5173 r=[2402:a00:173:2a96:7571:cdba:7679:252]:55832
t=2026-08-24T10:53:04+0530 lvl=info msg="join connections" obj=join id=ce99250494f6 l=[::1]:5173 r=[2402:a00:173:2a96:7571:cdba:7679:252]:55827
t=2026-08-24T10:53:04+0530 lvl=info msg="join connections" obj=join id=e9cbd960c979 l=[::1]:5173 r=[2402:a00:173:2a96:7571:cdba:7679:252]:55827
t=2026-08-24T10:53:05+0530 lvl=info msg="join connections" obj=join id=5f5443885819 l=[::1]:5173 r=[2402:a00:173:2a96:7571:cdba:7679:252]:55827
t=2026-08-24T10:53:05+0530 lvl=info msg="join connections" obj=join id=ed7aaff58d0d l=[::1]:5173 r=[2402:a00:173:2a96:7571:cdba:7679:252]:55827
t=2026-08-24T10:53:05+0530 lvl=info msg="join connections" obj=join id=3d463110851f l=[::1]:5173 r=[2402:a00:173:2a96:7571:cdba:7679:252]:55827
t=2026-08-24T10:53:05+0530 lvl=info msg="join connections" obj=join id=f63152647a1b l=[::1]:5173 r=[2402:a00:173:2a96:7571:cdba:7679:252]:55827
t=2026-08-24T10:53:05+0530 lvl=info msg="join connections" obj=join id=44c174dd0a8e l=[::1]:5173 r=[2402:a00:173:2a96:7571:cdba:7679:252]:55827
t=2026-08-24T10:53:05+0530 lvl=info msg="join connections" obj=join id=1a386fc25311 l=[::1]:5173 r=[2402:a00:173:2a96:7571:cdba:7679:252]:55827
t=2026-08-24T10:53:05+0530 lvl=info msg="join connections" obj=join id=a5276e18ab25 l=[::1]:5173 r=[2402:a00:173:2a96:7571:cdba:7679:252]:55827
t=2026-08-24T10:53:05+0530 lvl=info msg="join connections" obj=join id=abda4a64efff l=[::1]:5173 r=[2402:a00:173:2a96:7571:cdba:7679:252]:55827
t=2026-08-24T10:53:05+0530 lvl=info msg="join connections" obj=join id=73c2d28bfd0f l=[::1]:5173 r=[2402:a00:173:2a96:7571:cdba:7679:252]:55827
t=2026-08-24T10:53:05+0530 lvl=info msg="join connections" obj=join id=08a00120b922 l=[::1]:5173 r=[2402:a00:173:2a96:7571:cdba:7679:252]:55827
t=2026-08-24T10:53:05+0530 lvl=info msg="join connections" obj=join id=8e3e78e24f81 l=[::1]:5173 r=[2402:a00:173:2a96:7571:cdba:7679:252]:55827
t=2026-08-24T10:53:05+0530 lvl=info msg="join connections" obj=join id=97126a41be8e l=[::1]:5173 r=[2402:a00:173:2a96:7571:cdba:7679:252]:55827
t=2026-08-24T10:53:05+0530 lvl=info msg="join connections" obj=join id=038dd6287548 l=[::1]:5173 r=[2402:a00:173:2a96:7571:cdba:7679:252]:55827
t=2026-08-24T10:53:05+0530 lvl=info msg="join connections" obj=join id=13f2fe76cdd1 l=[::1]:5173 r=[2402:a00:173:2a96:7571:cdba:7679:252]:55827
t=2026-08-24T10:53:05+0530 lvl=info msg="join connections" obj=join id=b0d407968fb6 l=[::1]:5173 r=[2402:a00:173:2a96:7571:cdba:7679:252]:55827
t=2026-08-24T10:53:05+0530 lvl=info msg="join connections" obj=join id=ba4b65f36e3a l=[::1]:5173 r=[2402:a00:173:2a96:7571:cdba:7679:252]:55827
t=2026-08-24T10:53:05+0530 lvl=info msg="join connections" obj=join id=9edad7a87245 l=[::1]:5173 r=[2402:a00:173:2a96:7571:cdba:7679:252]:55827
t=2026-08-24T10:53:05+0530 lvl=info msg="join connections" obj=join id=70eba87bf392 l=[::1]:5173 r=[2402:a00:173:2a96:7571:cdba:7679:252]:55827
t=2026-08-24T10:53:05+0530 lvl=info msg="join connections" obj=join id=3ac96899d9ba l=[::1]:5173 r=[2402:a00:173:2a96:7571:cdba:7679:252]:55827
t=2026-08-24T10:53:05+0530 lvl=info msg="join connections" obj=join id=3ff9e6505f7d l=[::1]:5173 r=[2402:a00:173:2a96:7571:cdba:7679:252]:55827
t=2026-08-24T10:53:05+0530 lvl=info msg="join connections" obj=join id=8f378b559c2b l=[::1]:5173 r=[2402:a00:173:2a96:7571:cdba:7679:252]:55827
t=2026-08-24T10:53:05+0530 lvl=info msg="join connections" obj=join id=0b3776603090 l=[::1]:5173 r=[2402:a00:173:2a96:7571:cdba:7679:252]:55827
t=2026-08-24T10:53:05+0530 lvl=info msg="join connections" obj=join id=489ae0b19e91 l=[::1]:5173 r=[2402:a00:173:2a96:7571:cdba:7679:252]:55827
t=2026-08-24T10:53:05+0530 lvl=info msg="join connections" obj=join id=d3d9611dae9b l=[::1]:5173 r=[2402:a00:173:2a96:7571:cdba:7679:252]:55827
t=2026-08-24T10:53:05+0530 lvl=info msg="join connections" obj=join id=9c2ab0c434d0 l=[::1]:5173 r=[2402:a00:173:2a96:7571:cdba:7679:252]:55827
t=2026-08-24T10:53:05+0530 lvl=info msg="join connections" obj=join id=d4d54a15c030 l=[::1]:5173 r=[2402:a00:173:2a96:7571:cdba:7679:252]:55827
t=2026-08-24T10:53:05+0530 lvl=info msg="join connections" obj=join id=1353c895dd0f l=[::1]:5173 r=[2402:a00:173:2a96:7571:cdba:7679:252]:55827
t=2026-08-24T10:53:05+0530 lvl=info msg="join connections" obj=join id=2d6a7bc69e6a l=[::1]:5173 r=[2402:a00:173:2a96:7571:cdba:7679:252]:55827
t=2026-08-24T10:53:05+0530 lvl=info msg="join connections" obj=join id=0a3967f6f68a l=[::1]:5173 r=[2402:a00:173:2a96:7571:cdba:7679:252]:55827
t=2026-08-24T10:53:05+0530 lvl=info msg="join connections" obj=join id=e9b26b420fa3 l=[::1]:5173 r=[2402:a00:173:2a96:7571:cdba:7679:252]:55827
t=2026-08-24T10:53:05+0530 lvl=info msg="join connections" obj=join id=1a0e982d1e59 l=[::1]:5173 r=[2402:a00:173:2a96:7571:cdba:7679:252]:55827
t=2026-08-24T10:53:05+0530 lvl=info msg="join connections" obj=join id=358c553ca2dd l=[::1]:5173 r=[2402:a00:173:2a96:7571:cdba:7679:252]:55827
t=2026-08-24T10:53:05+0530 lvl=info msg="join connections" obj=join id=67ceaf571c3c l=[::1]:5173 r=[2402:a00:173:2a96:7571:cdba:7679:252]:55827
t=2026-08-24T10:53:05+0530 lvl=info msg="join connections" obj=join id=fb18cd4368b6 l=[::1]:5173 r=[2402:a00:173:2a96:7571:cdba:7679:252]:55827
t=2026-08-24T10:53:05+0530 lvl=info msg="join connections" obj=join id=af2fd741936f l=[::1]:5173 r=[2402:a00:173:2a96:7571:cdba:7679:252]:55827
t=2026-08-24T10:53:05+0530 lvl=info msg="join connections" obj=join id=7afafef12e5a l=[::1]:5173 r=[2402:a00:173:2a96:7571:cdba:7679:252]:55827
t=2026-08-24T10:53:05+0530 lvl=info msg="join connections" obj=join id=3abae1003435 l=[::1]:5173 r=[2402:a00:173:2a96:7571:cdba:7679:252]:55827
t=2026-08-24T10:53:05+0530 lvl=info msg="join connections" obj=join id=c9cf37ac241f l=[::1]:5173 r=[2402:a00:173:2a96:7571:cdba:7679:252]:55827
t=2026-08-24T10:53:05+0530 lvl=info msg="join connections" obj=join id=7852fbda3a84 l=[::1]:5173 r=[2402:a00:173:2a96:7571:cdba:7679:252]:55827
t=2026-08-24T10:53:05+0530 lvl=info msg="join connections" obj=join id=b2b1b1f77d7a l=[::1]:5173 r=[2402:a00:173:2a96:7571:cdba:7679:252]:55827
t=2026-08-24T10:53:05+0530 lvl=info msg="join connections" obj=join id=f752fff50a22 l=[::1]:5173 r=[2402:a00:173:2a96:7571:cdba:7679:252]:55827
t=2026-08-24T10:53:05+0530 lvl=info msg="join connections" obj=join id=0d4ded7b80b3 l=[::1]:5173 r=[2402:a00:173:2a96:7571:cdba:7679:252]:55827
t=2026-08-24T10:53:05+0530 lvl=info msg="join connections" obj=join id=ce55ff3c2596 l=[::1]:5173 r=[2402:a00:173:2a96:7571:cdba:7679:252]:55827
t=2026-08-24T10:53:05+0530 lvl=info msg="join connections" obj=join id=8981a4fd2ec9 l=[::1]:5173 r=[2402:a00:173:2a96:7571:cdba:7679:252]:55827
t=2026-08-24T10:53:05+0530 lvl=info msg="join connections" obj=join id=92f699b78969 l=[::1]:5173 r=[2402:a00:173:2a96:7571:cdba:7679:252]:55827
t=2026-08-24T10:53:05+0530 lvl=info msg="join connections" obj=join id=25c2a127752d l=[::1]:5173 r=[2402:a00:173:2a96:7571:cdba:7679:252]:55827
t=2026-08-24T10:53:05+0530 lvl=info msg="join connections" obj=join id=b023a30059ff l=[::1]:5173 r=[2402:a00:173:2a96:7571:cdba:7679:252]:55827
t=2026-08-24T10:53:05+0530 lvl=info msg="join connections" obj=join id=fff1f6dd1a4c l=[::1]:5173 r=[2402:a00:173:2a96:7571:cdba:7679:252]:55827
t=2026-08-24T10:53:05+0530 lvl=info msg="join connections" obj=join id=624f13d43bee l=[::1]:5173 r=[2402:a00:173:2a96:7571:cdba:7679:252]:55827
t=2026-08-24T10:53:05+0530 lvl=info msg="join connections" obj=join id=1f6ac7ca2821 l=[::1]:5173 r=[2402:a00:173:2a96:7571:cdba:7679:252]:55827
t=2026-08-24T10:53:05+0530 lvl=info msg="join connections" obj=join id=e1c3dfc7bdb3 l=[::1]:5173 r=[2402:a00:173:2a96:7571:cdba:7679:252]:55827
t=2026-08-24T10:53:05+0530 lvl=info msg="join connections" obj=join id=907cbe837893 l=[::1]:5173 r=[2402:a00:173:2a96:7571:cdba:7679:252]:55827
t=2026-08-24T10:53:05+0530 lvl=info msg="join connections" obj=join id=0956c4f2555c l=[::1]:5173 r=[2402:a00:173:2a96:7571:cdba:7679:252]:55827
t=2026-08-24T10:53:05+0530 lvl=info msg="join connections" obj=join id=c5359f20370f l=[::1]:5173 r=[2402:a00:173:2a96:7571:cdba:7679:252]:55827
t=2026-08-24T10:53:05+0530 lvl=info msg="join connections" obj=join id=93b1060b7dfb l=[::1]:5173 r=[2402:a00:173:2a96:7571:cdba:7679:252]:55827
t=2026-08-24T10:53:05+0530 lvl=info msg="join connections" obj=join id=2858eacf011a l=[::1]:5173 r=[2402:a00:173:2a96:7571:cdba:7679:252]:55827
t=2026-08-24T10:53:05+0530 lvl=info msg="join connections" obj=join id=c05bdfa9f425 l=[::1]:5173 r=[2402:a00:173:2a96:7571:cdba:7679:252]:55827
t=2026-08-24T10:53:05+0530 lvl=info msg="join connections" obj=join id=2d91f3dff412 l=[::1]:5173 r=[2402:a00:173:2a96:7571:cdba:7679:252]:55827
t=2026-08-24T10:53:05+0530 lvl=info msg="join connections" obj=join id=257547409a28 l=[::1]:5173 r=[2402:a00:173:2a96:7571:cdba:7679:252]:55827
t=2026-08-24T10:53:05+0530 lvl=info msg="join connections" obj=join id=fa2c2b918bc6 l=[::1]:5173 r=[2402:a00:173:2a96:7571:cdba:7679:252]:55827
t=2026-08-24T10:53:05+0530 lvl=info msg="join connections" obj=join id=27b24fab07e6 l=[::1]:5173 r=[2402:a00:173:2a96:7571:cdba:7679:252]:55827
t=2026-08-24T10:53:05+0530 lvl=info msg="join connections" obj=join id=3185fab8503e l=[::1]:5173 r=[2402:a00:173:2a96:7571:cdba:7679:252]:55827
t=2026-08-24T10:53:05+0530 lvl=info msg="join connections" obj=join id=35860987662a l=[::1]:5173 r=[2402:a00:173:2a96:7571:cdba:7679:252]:55827
t=2026-08-24T10:53:05+0530 lvl=info msg="join connections" obj=join id=8065e0cfa854 l=[::1]:5173 r=[2402:a00:173:2a96:7571:cdba:7679:252]:55827
t=2026-08-24T10:53:05+0530 lvl=info msg="join connections" obj=join id=ea67882a44be l=[::1]:5173 r=[2402:a00:173:2a96:7571:cdba:7679:252]:55827
t=2026-08-24T10:53:05+0530 lvl=info msg="join connections" obj=join id=7cc51f412be7 l=[::1]:5173 r=[2402:a00:173:2a96:7571:cdba:7679:252]:55827
t=2026-08-24T10:53:05+0530 lvl=info msg="join connections" obj=join id=c14e17b661d2 l=[::1]:5173 r=[2402:a00:173:2a96:7571:cdba:7679:252]:55827
t=2026-08-24T10:53:05+0530 lvl=info msg="join connections" obj=join id=e210714217bc l=[::1]:5173 r=[2402:a00:173:2a96:7571:cdba:7679:252]:55827
t=2026-08-24T10:53:05+0530 lvl=info msg="join connections" obj=join id=a4302a2b7f8e l=[::1]:5173 r=[2402:a00:173:2a96:7571:cdba:7679:252]:55827
t=2026-08-24T10:53:05+0530 lvl=info msg="join connections" obj=join id=ff01dd320332 l=[::1]:5173 r=[2402:a00:173:2a96:7571:cdba:7679:252]:55827
t=2026-08-24T10:53:05+0530 lvl=info msg="join connections" obj=join id=fdefcb7acc61 l=[::1]:5173 r=[2402:a00:173:2a96:7571:cdba:7679:252]:55827
t=2026-08-24T10:53:05+0530 lvl=info msg="join connections" obj=join id=6f7ed53bb64b l=[::1]:5173 r=[2402:a00:173:2a96:7571:cdba:7679:252]:55827
t=2026-08-24T10:53:05+0530 lvl=info msg="join connections" obj=join id=411a127606f4 l=[::1]:5173 r=[2402:a00:173:2a96:7571:cdba:7679:252]:55827
t=2026-08-24T10:53:05+0530 lvl=info msg="join connections" obj=join id=2ef8aebf9df1 l=[::1]:5173 r=[2402:a00:173:2a96:7571:cdba:7679:252]:55827
t=2026-08-24T10:53:05+0530 lvl=info msg="join connections" obj=join id=fc1b5b0697c3 l=[::1]:5173 r=[2402:a00:173:2a96:7571:cdba:7679:252]:55827
t=2026-08-24T10:53:05+0530 lvl=info msg="join connections" obj=join id=30c0bb7c05db l=[::1]:5173 r=[2402:a00:173:2a96:7571:cdba:7679:252]:55833
t=2026-08-24T10:53:05+0530 lvl=info msg="join connections" obj=join id=ce7880c1ac57 l=[::1]:5173 r=[2402:a00:173:2a96:7571:cdba:7679:252]:55827
t=2026-08-24T10:53:05+0530 lvl=info msg="join connections" obj=join id=4a93c1769067 l=[::1]:5173 r=[2402:a00:173:2a96:7571:cdba:7679:252]:55827
t=2026-08-24T10:53:05+0530 lvl=info msg="join connections" obj=join id=30d07ac3b5b4 l=[::1]:5173 r=[2402:a00:173:2a96:7571:cdba:7679:252]:55827
t=2026-08-24T10:53:05+0530 lvl=info msg="join connections" obj=join id=ab9227d60000 l=[::1]:5173 r=[2402:a00:173:2a96:7571:cdba:7679:252]:55827
t=2026-08-24T10:53:05+0530 lvl=info msg="join connections" obj=join id=798b6f4a9fbb l=[::1]:5173 r=[2402:a00:173:2a96:7571:cdba:7679:252]:55827
t=2026-08-24T10:53:05+0530 lvl=info msg="join connections" obj=join id=39c33884a383 l=[::1]:5173 r=[2402:a00:173:2a96:7571:cdba:7679:252]:55827
t=2026-08-24T10:53:05+0530 lvl=info msg="join connections" obj=join id=a463a0f556f0 l=[::1]:5173 r=[2402:a00:173:2a96:7571:cdba:7679:252]:55827
t=2026-08-24T10:53:05+0530 lvl=info msg="join connections" obj=join id=86d3242dba0d l=[::1]:5173 r=[2402:a00:173:2a96:7571:cdba:7679:252]:55830
t=2026-08-24T10:53:05+0530 lvl=info msg="join connections" obj=join id=97ae3bed7d09 l=[::1]:5173 r=[2402:a00:173:2a96:7571:cdba:7679:252]:55830
t=2026-08-24T10:53:05+0530 lvl=info msg="join connections" obj=join id=1921dc82b49a l=[::1]:5173 r=[2402:a00:173:2a96:7571:cdba:7679:252]:55830
t=2026-08-24T10:53:05+0530 lvl=info msg="join connections" obj=join id=d0e87cd41579 l=[::1]:5173 r=[2402:a00:173:2a96:7571:cdba:7679:252]:55830
t=2026-08-24T10:53:05+0530 lvl=info msg="join connections" obj=join id=a838bf0b6259 l=[::1]:5173 r=[2402:a00:173:2a96:7571:cdba:7679:252]:55830
t=2026-08-24T10:53:05+0530 lvl=info msg="join connections" obj=join id=15aa642fb7df l=[::1]:5173 r=[2402:a00:173:2a96:7571:cdba:7679:252]:55830
t=2026-08-24T10:53:05+0530 lvl=info msg="join connections" obj=join id=3ae55752c536 l=[::1]:5173 r=[2402:a00:173:2a96:7571:cdba:7679:252]:55830
t=2026-08-24T10:53:05+0530 lvl=info msg="join connections" obj=join id=bc83da78e111 l=[::1]:5173 r=[2402:a00:173:2a96:7571:cdba:7679:252]:55830
t=2026-08-24T10:53:05+0530 lvl=info msg="join connections" obj=join id=9b454a2bdee4 l=[::1]:5173 r=[2402:a00:173:2a96:7571:cdba:7679:252]:55830
t=2026-08-24T10:53:05+0530 lvl=info msg="join connections" obj=join id=a9824fc7a586 l=[::1]:5173 r=[2402:a00:173:2a96:7571:cdba:7679:252]:55830
t=2026-08-24T10:53:05+0530 lvl=info msg="join connections" obj=join id=aa04350a94ab l=[::1]:5173 r=[2402:a00:173:2a96:7571:cdba:7679:252]:55830
t=2026-08-24T10:53:05+0530 lvl=info msg="join connections" obj=join id=5d04364fc7aa l=[::1]:5173 r=[2402:a00:173:2a96:7571:cdba:7679:252]:55830
t=2026-08-24T10:53:05+0530 lvl=info msg="join connections" obj=join id=74599341ca01 l=[::1]:5173 r=[2402:a00:173:2a96:7571:cdba:7679:252]:55830
t=2026-08-24T10:53:05+0530 lvl=info msg="join connections" obj=join id=d1256079d574 l=[::1]:5173 r=[2402:a00:173:2a96:7571:cdba:7679:252]:55830
t=2026-08-24T10:53:05+0530 lvl=info msg="join connections" obj=join id=47a207ac610a l=[::1]:5173 r=[2402:a00:173:2a96:7571:cdba:7679:252]:55830
t=2026-08-24T10:53:05+0530 lvl=info msg="join connections" obj=join id=82da5a8f160f l=[::1]:5173 r=[2402:a00:173:2a96:7571:cdba:7679:252]:55830
t=2026-08-24T10:53:05+0530 lvl=info msg="join connections" obj=join id=9abe8c48e930 l=[::1]:5173 r=[2402:a00:173:2a96:7571:cdba:7679:252]:55830
t=2026-08-24T10:53:05+0530 lvl=info msg="join connections" obj=join id=bd9c85681ff3 l=[::1]:5173 r=[2402:a00:173:2a96:7571:cdba:7679:252]:55830
t=2026-08-24T10:53:05+0530 lvl=info msg="join connections" obj=join id=8c254f15eb5a l=[::1]:5173 r=[2402:a00:173:2a96:7571:cdba:7679:252]:55830
t=2026-08-24T10:53:05+0530 lvl=info msg="join connections" obj=join id=88840ee08cdc l=[::1]:5173 r=[2402:a00:173:2a96:7571:cdba:7679:252]:55830
t=2026-08-24T10:53:05+0530 lvl=info msg="join connections" obj=join id=7f7e0adef112 l=[::1]:5173 r=[2402:a00:173:2a96:7571:cdba:7679:252]:55830
t=2026-08-24T10:53:05+0530 lvl=info msg="join connections" obj=join id=4193010e2ccd l=[::1]:5173 r=[2402:a00:173:2a96:7571:cdba:7679:252]:55830
t=2026-08-24T10:53:05+0530 lvl=info msg="join connections" obj=join id=0e6c52dec86b l=[::1]:5173 r=[2402:a00:173:2a96:7571:cdba:7679:252]:55830
t=2026-08-24T10:53:05+0530 lvl=info msg="join connections" obj=join id=e98bca3b014c l=[::1]:5173 r=[2402:a00:173:2a96:7571:cdba:7679:252]:55827
t=2026-08-24T10:53:29+0530 lvl=info msg="join connections" obj=join id=c07c36c2eaee l=[::1]:5173 r=[2402:a00:173:2a96:7571:cdba:7679:252]:55827
t=2026-08-24T10:53:30+0530 lvl=info msg="join connections" obj=join id=52b85c06013a l=[::1]:5173 r=[2402:a00:173:2a96:7571:cdba:7679:252]:55827
t=2026-08-24T10:53:30+0530 lvl=info msg="join connections" obj=join id=08b2e3d6fb04 l=[::1]:5173 r=[2402:a00:173:2a96:7571:cdba:7679:252]:55827
t=2026-08-24T10:53:30+0530 lvl=info msg="join connections" obj=join id=5b311e10dd89 l=[::1]:5173 r=[2402:a00:173:2a96:7571:cdba:7679:252]:55827
t=2026-08-24T10:53:30+0530 lvl=info msg="join connections" obj=join id=c1fc3d5ef40a l=[::1]:5173 r=[2402:a00:173:2a96:7571:cdba:7679:252]:55827
t=2026-08-24T10:53:30+0530 lvl=info msg="join connections" obj=join id=1293c92e8a41 l=[::1]:5173 r=[2402:a00:173:2a96:7571:cdba:7679:252]:55827
t=2026-08-24T10:53:30+0530 lvl=info msg="join connections" obj=join id=5d405737f7fa l=[::1]:5173 r=[2402:a00:173:2a96:7571:cdba:7679:252]:55837
t=2026-08-24T10:53:30+0530 lvl=info msg="join connections" obj=join id=2592a3f3cf9e l=[::1]:5173 r=[2402:a00:173:2a96:7571:cdba:7679:252]:55827
t=2026-08-24T10:53:30+0530 lvl=info msg="join connections" obj=join id=f6a7abc9e7be l=[::1]:5173 r=[2402:a00:173:2a96:7571:cdba:7679:252]:55827
t=2026-08-24T10:53:30+0530 lvl=info msg="join connections" obj=join id=f1a817e68c47 l=[::1]:5173 r=[2402:a00:173:2a96:7571:cdba:7679:252]:55827
t=2026-08-24T10:53:43+0530 lvl=info msg="join connections" obj=join id=64c62af79a64 l=[::1]:5173 r=[2402:a00:173:2a96:7571:cdba:7679:252]:55827
t=2026-08-24T10:53:43+0530 lvl=info msg="join connections" obj=join id=145580357d72 l=[::1]:5173 r=[2402:a00:173:2a96:7571:cdba:7679:252]:55827
t=2026-08-24T10:53:43+0530 lvl=info msg="join connections" obj=join id=396a674ce426 l=[::1]:5173 r=[2402:a00:173:2a96:7571:cdba:7679:252]:55827
t=2026-08-24T10:53:44+0530 lvl=info msg="join connections" obj=join id=8cff34c89194 l=[::1]:5173 r=[2402:a00:173:2a96:7571:cdba:7679:252]:55827
t=2026-08-24T10:53:48+0530 lvl=info msg="join connections" obj=join id=0c5531affcaf l=[::1]:5173 r=[2402:a00:173:2a96:7571:cdba:7679:252]:55827
t=2026-08-24T10:53:48+0530 lvl=info msg="join connections" obj=join id=bcd4e8455f2b l=[::1]:5173 r=[2402:a00:173:2a96:7571:cdba:7679:252]:55827
t=2026-08-24T10:53:48+0530 lvl=info msg="join connections" obj=join id=4f2476545250 l=[::1]:5173 r=[2402:a00:173:2a96:7571:cdba:7679:252]:55827
t=2026-08-24T10:53:48+0530 lvl=info msg="join connections" obj=join id=811026d8175a l=[::1]:5173 r=[2402:a00:173:2a96:7571:cdba:7679:252]:55827
t=2026-08-24T10:53:48+0530 lvl=info msg="join connections" obj=join id=03e92b1fd196 l=[::1]:5173 r=[2402:a00:173:2a96:7571:cdba:7679:252]:55827
t=2026-08-24T10:53:48+0530 lvl=info msg="join connections" obj=join id=92880ae62c79 l=[::1]:5173 r=[2402:a00:173:2a96:7571:cdba:7679:252]:55827
t=2026-08-24T10:54:00+0530 lvl=info msg="join connections" obj=join id=d821f9bff60e l=[::1]:5173 r=[2402:a00:173:2a96:7571:cdba:7679:252]:55827
t=2026-08-24T10:54:30+0530 lvl=info msg="join connections" obj=join id=8249a311345a l=[::1]:5173 r=[2402:a00:173:2a96:7571:cdba:7679:252]:55827
t=2026-08-24T10:55:00+0530 lvl=info msg="join connections" obj=join id=34ad871aabd4 l=[::1]:5173 r=[2402:a00:173:2a96:7571:cdba:7679:252]:55827
t=2026-08-24T10:55:30+0530 lvl=info msg="join connections" obj=join id=c1c77447422f l=[::1]:5173 r=[2402:a00:173:2a96:7571:cdba:7679:252]:55827
t=2026-08-24T10:56:00+0530 lvl=info msg="join connections" obj=join id=9ebf38b85808 l=[::1]:5173 r=[2402:a00:173:2a96:7571:cdba:7679:252]:55827
t=2026-08-24T10:56:30+0530 lvl=info msg="join connections" obj=join id=0dbbb181acc7 l=[::1]:5173 r=[2402:a00:173:2a96:7571:cdba:7679:252]:55827
t=2026-08-24T10:57:09+0530 lvl=info msg="join connections" obj=join id=67f49d50102e l=[::1]:5173 r=[2402:a00:173:2a96:7571:cdba:7679:252]:55827
t=2026-08-24T10:58:09+0530 lvl=info msg="join connections" obj=join id=3520790a89b5 l=[::1]:5173 r=[2402:a00:173:2a96:7571:cdba:7679:252]:55827
t=2026-08-24T10:59:09+0530 lvl=info msg="join connections" obj=join id=6e5ad47e0df4 l=[::1]:5173 r=[2402:a00:173:2a96:7571:cdba:7679:252]:55827
t=2026-08-24T11:00:09+0530 lvl=info msg="join connections" obj=join id=edb481c510be l=[::1]:5173 r=[2402:a00:173:2a96:7571:cdba:7679:252]:55827
t=2026-08-24T11:01:09+0530 lvl=info msg="join connections" obj=join id=89e477e33bf5 l=[::1]:5173 r=[2402:a00:173:2a96:7571:cdba:7679:252]:55827
t=2026-08-24T11:02:09+0530 lvl=info msg="join connections" obj=join id=e43fb144ff2d l=[::1]:5173 r=[2402:a00:173:2a96:7571:cdba:7679:252]:55827
t=2026-08-24T11:03:09+0530 lvl=info msg="join connections" obj=join id=eb458951da98 l=[::1]:5173 r=[2402:a00:173:2a96:7571:cdba:7679:252]:55827
t=2026-08-24T11:04:09+0530 lvl=info msg="join connections" obj=join id=c2bca2d9216e l=[::1]:5173 r=[2402:a00:173:2a96:7571:cdba:7679:252]:55827
t=2026-08-24T11:05:09+0530 lvl=info msg="join connections" obj=join id=2ae36b645804 l=[::1]:5173 r=[2402:a00:173:2a96:7571:cdba:7679:252]:55827
t=2026-08-24T11:06:09+0530 lvl=info msg="join connections" obj=join id=6027c191a998 l=[::1]:5173 r=[2402:a00:173:2a96:7571:cdba:7679:252]:55827
t=2026-08-24T11:07:09+0530 lvl=info msg="join connections" obj=join id=c6ebde7d7cce l=[::1]:5173 r=[2402:a00:173:2a96:7571:cdba:7679:252]:55827
t=2026-08-24T11:08:09+0530 lvl=info msg="join connections" obj=join id=f09e90c96a83 l=[::1]:5173 r=[2402:a00:173:2a96:7571:cdba:7679:252]:55827
t=2026-08-24T11:09:09+0530 lvl=info msg="join connections" obj=join id=ebac60bab9c6 l=[::1]:5173 r=[2402:a00:173:2a96:7571:cdba:7679:252]:55827
t=2026-08-24T11:09:09+0530 lvl=info msg="join connections" obj=join id=df6780ad9261 l=[::1]:5173 r=[2402:a00:173:2a96:7571:cdba:7679:252]:55827
t=2026-08-24T11:09:09+0530 lvl=info msg="join connections" obj=join id=7cf7249dee67 l=[::1]:5173 r=[2402:a00:173:2a96:7571:cdba:7679:252]:55827
t=2026-08-24T11:10:09+0530 lvl=info msg="join connections" obj=join id=04e66f1c1bde l=[::1]:5173 r=[2402:a00:173:2a96:7571:cdba:7679:252]:55827
t=2026-08-24T11:11:09+0530 lvl=info msg="join connections" obj=join id=2ba4ec2221ff l=[::1]:5173 r=[2402:a00:173:2a96:7571:cdba:7679:252]:56020
t=2026-08-24T11:12:09+0530 lvl=info msg="join connections" obj=join id=9b12613a33c7 l=[::1]:5173 r=[2402:a00:173:2a96:7571:cdba:7679:252]:56020
t=2026-08-24T11:13:09+0530 lvl=info msg="join connections" obj=join id=251e4b0e73e1 l=[::1]:5173 r=[2402:a00:173:2a96:7571:cdba:7679:252]:56020
t=2026-08-24T11:14:09+0530 lvl=info msg="join connections" obj=join id=9eae7e49138e l=[::1]:5173 r=[2402:a00:173:2a96:7571:cdba:7679:252]:56020
t=2026-08-24T11:15:09+0530 lvl=info msg="join connections" obj=join id=ecf041fa9d68 l=[::1]:5173 r=[2402:a00:173:2a96:7571:cdba:7679:252]:56020
t=2026-08-24T11:16:09+0530 lvl=info msg="join connections" obj=join id=ce0e76dd174a l=[::1]:5173 r=[2402:a00:173:2a96:7571:cdba:7679:252]:56020
t=2026-08-24T11:17:09+0530 lvl=info msg="join connections" obj=join id=949033bcf341 l=[::1]:5173 r=[2402:a00:173:2a96:7571:cdba:7679:252]:56020
t=2026-08-24T11:18:09+0530 lvl=info msg="join connections" obj=join id=09b06bf0d4e9 l=[::1]:5173 r=[2402:a00:173:2a96:7571:cdba:7679:252]:56020
t=2026-08-24T11:19:09+0530 lvl=info msg="join connections" obj=join id=2e0d5c1a7dda l=[::1]:5173 r=[2402:a00:173:2a96:7571:cdba:7679:252]:56020
t=2026-08-24T11:20:09+0530 lvl=info msg="join connections" obj=join id=2fcf01a2f4f3 l=[::1]:5173 r=[2402:a00:173:2a96:7571:cdba:7679:252]:56020
t=2026-08-24T11:21:09+0530 lvl=info msg="join connections" obj=join id=7c3063361408 l=[::1]:5173 r=[2402:a00:173:2a96:7571:cdba:7679:252]:56020
t=2026-08-24T11:22:09+0530 lvl=info msg="join connections" obj=join id=d98ebb356c1c l=[::1]:5173 r=[2402:a00:173:2a96:7571:cdba:7679:252]:56020
t=2026-08-24T11:23:09+0530 lvl=info msg="join connections" obj=join id=cc4341ec4939 l=[::1]:5173 r=[2402:a00:173:2a96:7571:cdba:7679:252]:56020
t=2026-08-24T11:24:09+0530 lvl=info msg="join connections" obj=join id=db7c7d813f0d l=[::1]:5173 r=[2402:a00:173:2a96:7571:cdba:7679:252]:56020
t=2026-08-24T11:24:09+0530 lvl=info msg="join connections" obj=join id=859396d5fdb3 l=[::1]:5173 r=[2402:a00:173:2a96:7571:cdba:7679:252]:56020
t=2026-08-24T11:24:09+0530 lvl=info msg="join connections" obj=join id=e015ce188651 l=[::1]:5173 r=[2402:a00:173:2a96:7571:cdba:7679:252]:56020
t=2026-08-24T11:25:09+0530 lvl=info msg="join connections" obj=join id=6bbe3fe0cb88 l=[::1]:5173 r=[2402:a00:173:2a96:7571:cdba:7679:252]:56020
t=2026-08-24T11:26:09+0530 lvl=info msg="join connections" obj=join id=0f42296d9ab7 l=[::1]:5173 r=[2402:a00:173:2a96:7571:cdba:7679:252]:56020
t=2026-08-24T11:27:09+0530 lvl=info msg="join connections" obj=join id=f677c5487932 l=[::1]:5173 r=[2402:a00:173:2a96:7571:cdba:7679:252]:56020
t=2026-08-24T11:28:09+0530 lvl=info msg="join connections" obj=join id=7791a59d66a5 l=[::1]:5173 r=[2402:a00:173:2a96:7571:cdba:7679:252]:56020
t=2026-08-24T11:29:09+0530 lvl=info msg="join connections" obj=join id=fcd0e8650c53 l=[::1]:5173 r=[2402:a00:173:2a96:7571:cdba:7679:252]:56020
t=2026-08-24T11:30:09+0530 lvl=info msg="join connections" obj=join id=ae32ad225f7e l=[::1]:5173 r=[2402:a00:173:2a96:7571:cdba:7679:252]:56020
t=2026-08-24T11:31:09+0530 lvl=info msg="join connections" obj=join id=81cbd6356d02 l=[::1]:5173 r=[2402:a00:173:2a96:7571:cdba:7679:252]:56020
t=2026-08-24T11:32:09+0530 lvl=info msg="join connections" obj=join id=2e21e74d1ae0 l=[::1]:5173 r=[2402:a00:173:2a96:7571:cdba:7679:252]:56020
t=2026-08-24T11:33:09+0530 lvl=info msg="join connections" obj=join id=17a313841efe l=[::1]:5173 r=[2402:a00:173:2a96:7571:cdba:7679:252]:56020
t=2026-08-24T11:34:09+0530 lvl=info msg="join connections" obj=join id=e2348a1b0a38 l=[::1]:5173 r=[2402:a00:173:2a96:7571:cdba:7679:252]:56020
t=2026-08-24T11:35:09+0530 lvl=info msg="join connections" obj=join id=f74421906ce0 l=[::1]:5173 r=[2402:a00:173:2a96:7571:cdba:7679:252]:56020
t=2026-08-24T11:36:09+0530 lvl=info msg="join connections" obj=join id=ccc6273b62f6 l=[::1]:5173 r=[2402:a00:173:2a96:7571:cdba:7679:252]:56020
t=2026-08-24T11:37:09+0530 lvl=info msg="join connections" obj=join id=f9b17aa4b8cd l=[::1]:5173 r=[2402:a00:173:2a96:7571:cdba:7679:252]:56020
t=2026-08-24T11:38:09+0530 lvl=info msg="join connections" obj=join id=3152396693e8 l=[::1]:5173 r=[2402:a00:173:2a96:7571:cdba:7679:252]:56020
t=2026-08-24T11:39:09+0530 lvl=info msg="join connections" obj=join id=dbc19718df25 l=[::1]:5173 r=[2402:a00:173:2a96:7571:cdba:7679:252]:56020
t=2026-08-24T11:39:09+0530 lvl=info msg="join connections" obj=join id=14d8af5dbe3e l=[::1]:5173 r=[2402:a00:173:2a96:7571:cdba:7679:252]:56020
t=2026-08-24T11:39:10+0530 lvl=info msg="join connections" obj=join id=8d31fac2276a l=[::1]:5173 r=[2402:a00:173:2a96:7571:cdba:7679:252]:56020
t=2026-08-24T11:40:09+0530 lvl=info msg="join connections" obj=join id=3d02e44dbbe7 l=[::1]:5173 r=[2402:a00:173:2a96:7571:cdba:7679:252]:56020
t=2026-08-24T11:41:10+0530 lvl=info msg="join connections" obj=join id=6986f03864ab l=[::1]:5173 r=103.240.76.65:50934
t=2026-08-24T11:42:09+0530 lvl=info msg="join connections" obj=join id=54367af3ce38 l=[::1]:5173 r=103.240.76.65:50934
t=2026-08-24T11:43:09+0530 lvl=info msg="join connections" obj=join id=b92ac882dee6 l=[::1]:5173 r=103.240.76.65:50934
t=2026-08-24T11:44:09+0530 lvl=info msg="join connections" obj=join id=8ba9b80c6f15 l=[::1]:5173 r=103.240.76.65:50934
t=2026-08-24T11:45:09+0530 lvl=info msg="join connections" obj=join id=c6a43167c79b l=[::1]:5173 r=103.240.76.65:50934
t=2026-08-24T11:46:09+0530 lvl=info msg="join connections" obj=join id=a35ea97c3424 l=[::1]:5173 r=103.240.76.65:50934
t=2026-08-24T11:47:09+0530 lvl=info msg="join connections" obj=join id=aafcd05ba407 l=[::1]:5173 r=103.240.76.65:50934
t=2026-08-24T11:48:10+0530 lvl=info msg="join connections" obj=join id=e2023128e073 l=[::1]:5173 r=103.240.76.65:50934
t=2026-08-24T11:49:09+0530 lvl=info msg="join connections" obj=join id=2b982091d21d l=[::1]:5173 r=103.240.76.65:50934
t=2026-08-24T11:50:09+0530 lvl=info msg="join connections" obj=join id=ff112082e00a l=[::1]:5173 r=103.240.76.65:50934
t=2026-08-24T11:51:09+0530 lvl=info msg="join connections" obj=join id=447b808b30b8 l=[::1]:5173 r=103.240.76.65:50934
t=2026-08-24T11:52:09+0530 lvl=info msg="join connections" obj=join id=91df36cd4201 l=[::1]:5173 r=103.240.76.65:50934
t=2026-08-24T11:53:09+0530 lvl=info msg="join connections" obj=join id=ff942ad99a7b l=[::1]:5173 r=103.240.76.65:50934
t=2026-08-24T11:54:09+0530 lvl=info msg="join connections" obj=join id=7c466b91a6a6 l=[::1]:5173 r=103.240.76.65:50934
t=2026-08-24T11:55:09+0530 lvl=info msg="join connections" obj=join id=b8d44b911ef2 l=[::1]:5173 r=103.240.76.65:50934
t=2026-08-24T11:55:09+0530 lvl=info msg="join connections" obj=join id=d399dd4c3718 l=[::1]:5173 r=103.240.76.65:50934
t=2026-08-24T11:55:10+0530 lvl=info msg="join connections" obj=join id=da6bd785e4bd l=[::1]:5173 r=103.240.76.65:50934
t=2026-08-24T11:56:09+0530 lvl=info msg="join connections" obj=join id=a24504ab32e2 l=[::1]:5173 r=103.240.76.65:50934
t=2026-08-24T11:57:09+0530 lvl=info msg="join connections" obj=join id=e2f1be60b8ae l=[::1]:5173 r=103.240.76.65:50934
t=2026-08-24T11:58:09+0530 lvl=info msg="join connections" obj=join id=bd5a32084a98 l=[::1]:5173 r=103.240.76.65:50934
t=2026-08-24T11:59:10+0530 lvl=info msg="join connections" obj=join id=5487e916ae6b l=[::1]:5173 r=103.240.76.65:50934
t=2026-08-24T11:59:20+0530 lvl=info msg="join connections" obj=join id=109d606708b1 l=[::1]:5173 r=103.240.76.65:50934
t=2026-08-24T11:59:20+0530 lvl=info msg="join connections" obj=join id=ec79294c9eff l=[::1]:5173 r=103.240.76.65:50934
t=2026-08-24T11:59:20+0530 lvl=info msg="join connections" obj=join id=3b5432e1228c l=[::1]:5173 r=103.240.76.65:50934
t=2026-08-24T11:59:20+0530 lvl=info msg="join connections" obj=join id=8d9509764720 l=[::1]:5173 r=103.240.76.65:50934
t=2026-08-24T11:59:20+0530 lvl=info msg="join connections" obj=join id=645d317267f0 l=[::1]:5173 r=103.240.76.65:50934
t=2026-08-24T11:59:21+0530 lvl=info msg="join connections" obj=join id=e35449451954 l=[::1]:5173 r=103.240.76.65:50934
t=2026-08-24T11:59:21+0530 lvl=info msg="join connections" obj=join id=52d53b64ec10 l=[::1]:5173 r=103.240.76.65:50934
t=2026-08-24T11:59:21+0530 lvl=info msg="join connections" obj=join id=30897256ddbc l=[::1]:5173 r=103.240.76.65:50934
t=2026-08-24T11:59:21+0530 lvl=info msg="join connections" obj=join id=0c4c493cf67e l=[::1]:5173 r=103.240.76.65:50934
t=2026-08-24T11:59:21+0530 lvl=info msg="join connections" obj=join id=e3089131e222 l=[::1]:5173 r=103.240.76.65:50934
t=2026-08-24T11:59:22+0530 lvl=info msg="join connections" obj=join id=81d7a3ccffb5 l=[::1]:5173 r=103.240.76.65:50934
t=2026-08-24T11:59:22+0530 lvl=info msg="join connections" obj=join id=aded1da6e41e l=[::1]:5173 r=103.240.76.65:50934
t=2026-08-24T11:59:23+0530 lvl=info msg="join connections" obj=join id=c1289d0183ca l=[::1]:5173 r=103.240.76.65:50934
t=2026-08-24T11:59:23+0530 lvl=info msg="join connections" obj=join id=7b67411619b3 l=[::1]:5173 r=103.240.76.65:50934
t=2026-08-24T11:59:24+0530 lvl=info msg="join connections" obj=join id=333aa13392b4 l=[::1]:5173 r=103.240.76.65:50934
t=2026-08-24T11:59:24+0530 lvl=info msg="join connections" obj=join id=e8bdbffde611 l=[::1]:5173 r=103.240.76.65:50934
t=2026-08-24T11:59:30+0530 lvl=info msg="join connections" obj=join id=ae303fef0dfa l=[::1]:5173 r=103.240.76.65:50934
t=2026-08-24T12:00:00+0530 lvl=info msg="join connections" obj=join id=ea8a5f8941c6 l=[::1]:5173 r=103.240.76.65:50934
t=2026-08-24T12:00:30+0530 lvl=info msg="join connections" obj=join id=f026702c8fe5 l=[::1]:5173 r=103.240.76.65:50934
t=2026-08-24T12:01:00+0530 lvl=info msg="join connections" obj=join id=4b88d63f6729 l=[::1]:5173 r=103.240.76.65:50934
t=2026-08-24T12:01:30+0530 lvl=info msg="join connections" obj=join id=1f2325900aa2 l=[::1]:5173 r=103.240.76.65:50934
t=2026-08-24T12:02:00+0530 lvl=info msg="join connections" obj=join id=7453d914b28d l=[::1]:5173 r=103.240.76.65:50934
t=2026-08-24T12:03:06+0530 lvl=info msg="join connections" obj=join id=7166c77b343a l=[::1]:5173 r=103.240.76.65:50934
t=2026-08-24T12:03:33+0530 lvl=info msg="join connections" obj=join id=4ce4ce01c41e l=[::1]:5173 r=103.240.76.65:50934
t=2026-08-24T12:04:00+0530 lvl=info msg="join connections" obj=join id=2e8c251a0187 l=[::1]:5173 r=103.240.76.65:50934
t=2026-08-24T12:04:30+0530 lvl=info msg="join connections" obj=join id=df4c8513e0ca l=[::1]:5173 r=103.240.76.65:50934
t=2026-08-24T12:05:09+0530 lvl=info msg="join connections" obj=join id=f37f95a4875a l=[::1]:5173 r=103.240.76.65:50934
t=2026-08-24T12:06:09+0530 lvl=info msg="join connections" obj=join id=a65b06ed6e43 l=[::1]:5173 r=103.240.76.65:50934
t=2026-08-24T12:07:09+0530 lvl=info msg="join connections" obj=join id=d5ee53f38303 l=[::1]:5173 r=103.240.76.65:50934
t=2026-08-24T12:08:09+0530 lvl=info msg="join connections" obj=join id=6e920ee40350 l=[::1]:5173 r=103.240.76.65:50934
t=2026-08-24T12:09:09+0530 lvl=info msg="join connections" obj=join id=e6b934c046aa l=[::1]:5173 r=103.240.76.65:50934
t=2026-08-24T12:10:09+0530 lvl=info msg="join connections" obj=join id=4fbd0e96231f l=[::1]:5173 r=103.240.76.65:50934
t=2026-08-24T12:10:09+0530 lvl=info msg="join connections" obj=join id=09070face50b l=[::1]:5173 r=103.240.76.65:50934
t=2026-08-24T12:10:09+0530 lvl=info msg="join connections" obj=join id=407a2fe8a193 l=[::1]:5173 r=103.240.76.65:50934
t=2026-08-24T12:11:09+0530 lvl=info msg="join connections" obj=join id=336bf776cf36 l=[::1]:5173 r=[2402:a00:173:2a96:7571:cdba:7679:252]:56836
t=2026-08-24T12:12:09+0530 lvl=info msg="join connections" obj=join id=8ebd4fa7ceed l=[::1]:5173 r=[2402:a00:173:2a96:7571:cdba:7679:252]:56836
t=2026-08-24T12:13:09+0530 lvl=info msg="join connections" obj=join id=f79bf9e02749 l=[::1]:5173 r=[2402:a00:173:2a96:7571:cdba:7679:252]:56836
t=2026-08-24T12:14:09+0530 lvl=info msg="join connections" obj=join id=8df8ceeb3fa8 l=[::1]:5173 r=[2402:a00:173:2a96:7571:cdba:7679:252]:56836
t=2026-08-24T12:15:09+0530 lvl=info msg="join connections" obj=join id=055750116b8d l=[::1]:5173 r=[2402:a00:173:2a96:7571:cdba:7679:252]:56836
t=2026-08-24T12:16:09+0530 lvl=info msg="join connections" obj=join id=a2015e178ad4 l=[::1]:5173 r=[2402:a00:173:2a96:7571:cdba:7679:252]:56836
t=2026-08-24T12:17:09+0530 lvl=info msg="join connections" obj=join id=5b55d63271f9 l=[::1]:5173 r=[2402:a00:173:2a96:7571:cdba:7679:252]:56836
t=2026-08-24T12:18:09+0530 lvl=info msg="join connections" obj=join id=017d191b5854 l=[::1]:5173 r=[2402:a00:173:2a96:7571:cdba:7679:252]:56836
t=2026-08-24T12:19:09+0530 lvl=info msg="join connections" obj=join id=13a75f1c4690 l=[::1]:5173 r=[2402:a00:173:2a96:7571:cdba:7679:252]:56836
t=2026-08-24T12:20:09+0530 lvl=info msg="join connections" obj=join id=e00635c61082 l=[::1]:5173 r=[2402:a00:173:2a96:7571:cdba:7679:252]:56836
t=2026-08-24T12:21:09+0530 lvl=info msg="join connections" obj=join id=f72258daea77 l=[::1]:5173 r=[2402:a00:173:2a96:7571:cdba:7679:252]:56836
t=2026-08-24T12:22:09+0530 lvl=info msg="join connections" obj=join id=69dc23c47b84 l=[::1]:5173 r=[2402:a00:173:2a96:7571:cdba:7679:252]:56836
t=2026-08-24T12:23:09+0530 lvl=info msg="join connections" obj=join id=630dad7f4e7a l=[::1]:5173 r=[2402:a00:173:2a96:7571:cdba:7679:252]:56836
t=2026-08-24T12:24:09+0530 lvl=info msg="join connections" obj=join id=e780dc6285d3 l=[::1]:5173 r=[2402:a00:173:2a96:7571:cdba:7679:252]:56836
t=2026-08-24T12:25:09+0530 lvl=info msg="join connections" obj=join id=c5c214e44ea1 l=[::1]:5173 r=[2402:a00:173:2a96:7571:cdba:7679:252]:56836
t=2026-08-24T12:25:09+0530 lvl=info msg="join connections" obj=join id=36979901fb41 l=[::1]:5173 r=[2402:a00:173:2a96:7571:cdba:7679:252]:56836
t=2026-08-24T12:25:10+0530 lvl=info msg="join connections" obj=join id=a0d0ed5c7c18 l=[::1]:5173 r=[2402:a00:173:2a96:7571:cdba:7679:252]:56836
t=2026-08-24T12:26:09+0530 lvl=info msg="join connections" obj=join id=3cf690493fdc l=[::1]:5173 r=[2402:a00:173:2a96:7571:cdba:7679:252]:56836
t=2026-08-24T12:27:09+0530 lvl=info msg="join connections" obj=join id=0486f8a09a54 l=[::1]:5173 r=[2402:a00:173:2a96:7571:cdba:7679:252]:56836
t=2026-08-24T12:28:09+0530 lvl=info msg="join connections" obj=join id=d0db3ee2ab9a l=[::1]:5173 r=[2402:a00:173:2a96:7571:cdba:7679:252]:56836
t=2026-08-24T12:28:30+0530 lvl=info msg="join connections" obj=join id=995dd33f03cf l=[::1]:5173 r=[2402:a00:173:2a96:7571:cdba:7679:252]:56836
t=2026-08-24T12:29:00+0530 lvl=info msg="join connections" obj=join id=456d1f0cd9e3 l=[::1]:5173 r=[2402:a00:173:2a96:7571:cdba:7679:252]:56836
t=2026-08-24T12:30:06+0530 lvl=info msg="join connections" obj=join id=72aebfca58a4 l=[::1]:5173 r=[2402:a00:173:2a96:7571:cdba:7679:252]:56836
t=2026-08-24T12:31:07+0530 lvl=info msg="join connections" obj=join id=718a981d78b2 l=[::1]:5173 r=[2402:a00:173:2a96:7571:cdba:7679:252]:56836
t=2026-08-24T12:32:08+0530 lvl=info msg="join connections" obj=join id=0775d4e45a33 l=[::1]:5173 r=[2402:a00:173:2a96:7571:cdba:7679:252]:56836
t=2026-08-24T12:33:09+0530 lvl=info msg="join connections" obj=join id=f024ae4f2ead l=[::1]:5173 r=[2402:a00:173:2a96:7571:cdba:7679:252]:56836
t=2026-08-24T12:34:09+0530 lvl=info msg="join connections" obj=join id=cfd975c96842 l=[::1]:5173 r=[2402:a00:173:2a96:7571:cdba:7679:252]:56836
t=2026-08-24T12:35:09+0530 lvl=info msg="join connections" obj=join id=fce09d487226 l=[::1]:5173 r=[2402:a00:173:2a96:7571:cdba:7679:252]:56836
t=2026-08-24T12:36:09+0530 lvl=info msg="join connections" obj=join id=916ad82337f5 l=[::1]:5173 r=[2402:a00:173:2a96:7571:cdba:7679:252]:56836
t=2026-08-24T12:37:09+0530 lvl=info msg="join connections" obj=join id=c64492999fc0 l=[::1]:5173 r=[2402:a00:173:2a96:7571:cdba:7679:252]:56836
t=2026-08-24T12:38:09+0530 lvl=info msg="join connections" obj=join id=aa127405b32d l=[::1]:5173 r=[2402:a00:173:2a96:7571:cdba:7679:252]:56836
t=2026-08-24T12:38:22+0530 lvl=warn msg="failed to open private leg" id=3cac51a99710 privaddr=localhost:5173 err="dial tcp [::1]:5173: connectex: No connection could be made because the target machine actively refused it."
t=2026-08-24T12:38:22+0530 lvl=warn msg="failed to open private leg" id=27569bf2eb0d privaddr=localhost:5173 err="dial tcp [::1]:5173: connectex: No connection could be made because the target machine actively refused it."
t=2026-08-24T12:38:23+0530 lvl=info msg="received stop request" obj=app stopReq="{err:<nil> restart:false}"
t=2026-08-24T12:38:23+0530 lvl=info msg="session closing" obj=tunnels.session err=nil
